
buildtools/
buildtools/conf/
common/
common/stream/
common/options/
common/utils/
clients/
clients/mapilib/#HAVE_MAPI
clients/mapiclient/#HAVE_MAPI
clients/odbc/#HAVE_ODBC
clients/odbc/setup/#HAVE_ODBC+NOT_WIN32
clients/odbc/winsetup/#HAVE_ODBC+!NOT_WIN32
clients/odbc/driver/#HAVE_ODBC
clients/odbc/samples/#HAVE_ODBC
clients/examples/#HAVE_MAPI
clients/examples/C/#HAVE_MAPI
clients/examples/php/#HAVE_MAPI
clients/examples/perl/#HAVE_MAPI
clients/NT/#NATIVE_WIN32
gdk/#HAVE_GDK
monetdb5/#HAVE_MONETDB5
monetdb5/mal/#HAVE_MONETDB5
monetdb5/modules/#HAVE_MONETDB5
monetdb5/modules/atoms/#HAVE_MONETDB5
monetdb5/modules/kernel/#HAVE_MONETDB5
monetdb5/modules/mal/#HAVE_MONETDB5
monetdb5/optimizer/#HAVE_MONETDB5
monetdb5/scheduler/#HAVE_MONETDB5
monetdb5/tools/#HAVE_MONETDB5
monetdb5/extras/#HAVE_MONETDB5
monetdb5/extras/mal_optimizer_template/#HAVE_MONETDB5
monetdb5/extras/rapi/#HAVE_MONETDB5+HAVE_LIBR
monetdb5/NT/#HAVE_MONETDB5+NATIVE_WIN32
sql/#HAVE_SQL
sql/include/#HAVE_SQL
sql/common/#HAVE_SQL
sql/storage/#HAVE_SQL
sql/storage/bat/#HAVE_SQL
sql/server/#HAVE_SQL
sql/backends/#HAVE_SQL
sql/backends/monet5/#HAVE_SQL
sql/backends/monet5/vaults/#HAVE_SQL+NOT_WIN32
sql/backends/monet5/vaults/bam/#HAVE_SQL+NOT_WIN32+HAVE_SAMTOOLS
sql/backends/monet5/vaults/fits/#HAVE_SQL+NOT_WIN32+HAVE_FITS
sql/backends/monet5/vaults/lidar/#HAVE_SQL+NOT_WIN32+HAVE_LIDAR
sql/backends/monet5/vaults/netcdf/#HAVE_SQL+NOT_WIN32+HAVE_NETCDF
sql/backends/monet5/vaults/shp/#HAVE_SQL+NOT_WIN32+HAVE_SHP
sql/backends/monet5/UDF/#HAVE_SQL
sql/backends/monet5/UDF/udf/#HAVE_SQL
sql/backends/monet5/UDF/capi/#HAVE_SQL+NOT_WIN32
sql/backends/monet5/UDF/pyapi/#HAVE_SQL+HAVE_LIBPY
sql/backends/monet5/UDF/pyapi3/#HAVE_SQL+HAVE_LIBPY3
sql/backends/monet5/LSST/#HAVE_SQL
sql/backends/monet5/generator/#HAVE_SQL
sql/scripts/#HAVE_SQL
sql/NT/#HAVE_SQL+NATIVE_WIN32
geom/#HAVE_GEOM
geom/lib/#HAVE_GEOM
geom/monetdb5/#HAVE_GEOM+HAVE_MONETDB5
geom/sql/#HAVE_GEOM
tools/
tools/mserver/#HAVE_MONETDB5
tools/merovingian/#NOT_WIN32
tools/merovingian/utils/#NOT_WIN32
tools/merovingian/client/#NOT_WIN32
tools/merovingian/daemon/#NOT_WIN32+HAVE_MONETDB5
testing/#HAVE_TESTING
